Begin Document
Begin Template: Other uses
End Template: Other uses
Reference: File:Albedo-e hg.svg 'thumb|Percentage of diffusely reflected sun light in relation to various surface conditions of the Earth'
Begin Template: IPAc-en
k: icon
k: æ
k: l
k: ˈ
k: b
k: iː
k: d
k: oʊ
End Template: IPAc-en
Reference: Latin ''
Reference: diffuse reflection 'diffuse reflectivity'
Reference: Dimensionless number 'dimensionless'
Reference: frequency ''
Reference: visible light ''
Reference: Lambertian ''
Reference: bidirectional reflectance distribution function ''
Reference: climatology ''
Reference: astronomy ''
Reference: reflectivity ''
Reference: Johann Heinrich Lambert ''
Section [0] Terrestrial albedo
Begin Table
Text: ' class="wikitable" style="float:right; margin:10px"
'
Body Cell (0, 1)
Text: '+ Sample albedos
'
Header Cell (1, 1)
Text: 'Surface
'
Header Cell (1, 2)
Text: 'Typical<br />albedo
'
Body Cell (2, 2)
Text: 'Fresh asphalt '
Body Cell (2, 3)
Text: '0.04<ref name="heat island">'
Begin Template: cite web
 
k: last
Text: 'Pon '
k: first
Text: 'Brian '
k: date
Text: '1999-06-30
 '
k: url
Text: 'http://eetd.lbl.gov/HeatIsland/Pavements/Albedo/
 '
k: title
Text: 'Pavement Albedo '
k: publisher
Text: 'Heat Island Group
 '
k: accessdate
Text: '2007-08-27
'
k: archiveurl
Text: 'http://web.archive.org/web/20070829153207/http://eetd.lbl.gov/HeatIsland/Pavements/Albedo/'
k: archivedate
Text: '29 August 2007<!--Added by DASHBot-->'
End Template: cite web
 
Text: '</ref>
'
Body Cell (3, 2)
Text: 'Worn asphalt '
Body Cell (3, 3)
Text: '0.12<ref name="heat island" />
'
Body Cell (4, 2)
Text: 'Conifer forest<br />(Summer) '
Body Cell (4, 3)
Text: '0.08,<ref name="Betts 1">'
Begin Template: Cite journal
 
k: author
Text: 'Alan K. Betts, John H. Ball
 '
k: title
Text: 'Albedo over the boreal forest
 '
k: journal
Text: 'Journal of Geophysical
 '
k: year
Text: '1997
 '
k: volume
Text: '102
 '
k: issue
Text: 'D24
 '
k: pages
Text: '28,901–28,910
 '
k: url
Text: 'http://www.agu.org/pubs/crossref/1997/96JD03876.shtml
 '
k: accessdate
Text: '2007-08-27
 '
k: doi
Text: '10.1029/96JD03876
'
k: bibcode 
Text: '1997JGR...10228901B '
k: archiveurl
Text: 'http://web.archive.org/web/20070930184719/http://www.agu.org/pubs/crossref/1997/96JD03876.shtml'
k: archivedate
Text: '30 September 2007<!--Added by DASHBot-->'
End Template: Cite journal
 
Text: '</ref> 0.09 to 0.15<ref name="mmutrees" />
'
Body Cell (5, 2)
Reference: Deciduous trees ''
Text: ' '
Body Cell (5, 3)
Text: '0.15 to 0.18<ref name="mmutrees" />
'
Body Cell (6, 2)
Text: 'Bare soil '
Body Cell (6, 3)
Text: '0.17<ref name="markvart">'
Begin Template: Cite book
  
k: author
Text: 'Tom Markvart, Luis CastaŁżer '
k: year
Text: '2003
  '
k: title
Text: 'Practical Handbook of Photovoltaics: Fundamentals and Applications
  '
k: publisher
Text: 'Elsevier '
k: isbn
Text: '1-85617-390-9 '
End Template: Cite book
  
Text: '</ref>
'
Body Cell (7, 2)
Text: 'Green grass '
Body Cell (7, 3)
Text: '0.25<ref name="markvart" />
'
Body Cell (8, 2)
Text: 'Desert sand '
Body Cell (8, 3)
Text: '0.40<ref name="Tetzlaff">'
Begin Template: Cite book
 
k: first
Text: 'G. '
k: last
Text: 'Tetzlaff '
k: year
Text: '1983
 '
k: title
Text: 'Albedo of the Sahara
 '
k: work
Text: 'Cologne University Satellite Measurement of Radiation Budget Parameters
 '
k: pages
Text: '60–63 '
End Template: Cite book
 
Text: '</ref>
'
Body Cell (9, 2)
Text: 'New concrete '
Body Cell (9, 3)
Text: '0.55<ref name="markvart" />
'
Body Cell (10, 2)
Text: 'Ocean Ice'
Body Cell (10, 3)
Text: '0.5–0.7<ref name="markvart" />
'
Body Cell (11, 2)
Text: 'Fresh snow '
Body Cell (11, 3)
Text: '0.80–0.90<ref name="markvart" />
'
End Table
Reference: black body ''
Begin Template: cite web
k: url
Text: 'http://scienceworld.wolfram.com/physics/Albedo.html '
k: title
Text: 'Albedo - from Eric Weisstein's World of Physics '
k: publisher
Text: 'Scienceworld.wolfram.com '
k: date
k: accessdate
Text: '2011-08-19'
End Template: cite web
Reference: Earth ''
Reference: feedback ''
Reference: insolation ''
Reference: File:Ceres 2003 2004 clear sky total sky albedo.png 'thumb|200px|left|2003-2004 mean annual clear sky and total sky albedo'
Reference: Earth observation ''
Reference: NASA ''
Reference: MODIS ''
Reference: Terra (satellite) 'Terra'
Reference: Aqua (satellite) 'Aqua'
Reference: mathematical model ''
Reference: directional-hemispherical reflectance ''
Reference: greenhouse effect ''
Section [1] White-sky and black-sky albedo
Reference: Celestial coordinate system 'zenith angle'
Reference: Directional-hemispherical reflectance ''
Reference: bi-hemispherical reflectance ''
Section [0] Astronomical albedo
Reference: planet ''
Reference: natural satellites 'satellites'
Reference: asteroid ''
Reference: photometry (astronomy) 'photometry'
Reference: regolith ''
Reference: asteroid ''
Reference: Enceladus (moon) 'Enceladus'
Reference: Eris (dwarf planet) 'Eris'
Begin Template: cite journal

k: title 
Text: 'Size, density, albedo and atmosphere limit of dwarf planet Eris from a stellar occultation
'
k: journal 
Text: 'European Planetary Science Congress Abstracts
'
k: volume 
Text: '6
'
k: year 
Text: '2011
'
k: url 
Text: 'http://meetingorganizer.copernicus.org/EPSC-DPS2011/EPSC-DPS2011-137-8.pdf
'
k: accessdate 
Text: '2011-09-14
'
End Template: cite journal

Begin Template: cite web
  
k: date
Text: '2008-09-17
  '
k: title
Text: 'TNO/Centaur diameters and albedos
  '
k: publisher
Text: 'Johnston's Archive
  '
k: author
Text: 'Wm. Robert Johnston
  '
k: url
Text: 'http://www.johnstonsarchive.net/astro/tnodiam.html
  '
k: accessdate
Text: '2008-10-17'
k: archiveurl
Text: 'http://web.archive.org/web/20081022223827/http://www.johnstonsarchive.net/astro/tnodiam.html'
k: archivedate
Text: '22 October 2008<!--Added by DASHBot-->'
End Template: cite web
  
Reference: asteroid belt ''
Begin Template: cite web
  
k: date
Text: '2003-06-28
  '
k: title
Text: 'Asteroid albedos: graphs of data
  '
k: publisher
Text: 'Johnston's Archive
  '
k: author
Text: 'Wm. Robert Johnston
  '
k: url
Text: 'http://www.johnstonsarchive.net/astro/astalbedo.html
  '
k: accessdate
Text: '2008-06-16'
k: archiveurl
Text: 'http://web.archive.org/web/20080517100307/http://www.johnstonsarchive.net/astro/astalbedo.html'
k: archivedate
Text: '17 May 2008<!--Added by DASHBot-->'
End Template: cite web
  
Reference: comet nucleus ''
Begin Template: cite web
  
k: date
Text: '2001-11-29
  '
k: title
Text: 'Comet Borrelly Puzzle: Darkest Object in the Solar System
  '
k: publisher
Text: 'Space.com
  '
k: author
Text: 'Robert Roy Britt
  '
k: url
Text: 'http://www.space.com/scienceastronomy/solarsystem/borrelly_dark_011129.html
  '
k: accessdate
Text: '2008-10-26'
k: archiveurl
Text: 'http://web.archive.org/web/20090122074028/http://www.space.com/scienceastronomy/solarsystem/borrelly_dark_011129.html'
k: archivedate
Text: '22 January 2009<!--Added by DASHBot-->'
End Template: cite web
  
Begin Template: dead link
k: date
Text: 'August 2011'
End Template: dead link
Reference: space weathering 'space weathered'
Reference: organic compound ''
Reference: Moon ''
Reference: regolith ''
Reference: geometric albedo ''
Reference: Bond albedo ''
Reference: Hapke parameters ''
Reference: phase angle (astronomy) 'phase angle'
Reference: opposition effect ''
Reference: regolith ''
Reference: Absolute magnitude#Absolute magnitude for planets (H) 'absolute magnitude'
Begin Template: cite web
  
k: title
Text: 'Conversion of Absolute Magnitude to Diameter for Minor Planets
  '
k: publisher
Text: 'Department of Physics & Astronomy (Stephen F. Austin State University)
  '
k: author
Text: 'Dan Bruton
  '
k: url
Text: 'http://www.physics.sfasu.edu/astro/asteroids/sizemagnitude.html
  '
k: accessdate
Text: '2008-10-07'
k: archiveurl
Text: 'http://web.archive.org/web/20081210190134/http://www.physics.sfasu.edu/astro/asteroids/sizemagnitude.html'
k: archivedate
Text: '10 December 2008<!--Added by DASHBot-->'
End Template: cite web
  
Section [0] Examples of terrestrial albedo effects
Section [1] Illumination
Begin Template: cite journal
k: first
Text: 'Jay '
k: last
Text: 'Winston '
k: title
Text: 'The Annual Course of Zonal Mean Albedo as Derived From ESSA 3 and 5 Digitized Picture Data '
k: journal
Text: 'Monthly Weather Review '
k: volume
Text: '99(11) '
k: pages
Text: '818–827'
End Template: cite journal
Section [1] Small-scale effects
Begin Template: cite web
k: url
Text: 'http://www.ranknfile-ue.org/h&s0897.html '
k: title
Text: 'Health and Safety: Be Cool! (August 1997) '
k: publisher
Text: 'Ranknfile-ue.org '
k: date
k: accessdate
Text: '2011-08-19'
End Template: cite web
Section [1] Trees
Reference: Cloud feedback ''
Reference: Deciduous trees ''
Reference: coniferous trees ''
Reference: Hadley Centre ''
Reference: carbon sequestration ''
Section [1] Snow
Reference: Antarctica ''
Reference: positive feedback ''
Reference: Cryoconite ''
Reference: dust ''
Link: http://ngm.nationalgeographic.com/2010/06/melt-zone/jenkins-text/3 '"Changing Greenland - Melt Zone"'
Reference: National Geographic (magazine) 'National Geographic'
Section [1] Water
Reference: Fresnel equations ''
Reference: File:water reflectivity.jpg 'thumb|right|250px|Reflectivity of smooth water at 20&nbsp;°C (refractive index=1.333)'
Reference: specular reflection 'specular manner'
Reference: Diffuse reflection 'diffusely'
Reference: angle of incidence 'angles of incident'
Reference: waviness ''
Reference: terminator (solar) 'terminator'
Section [1] Clouds
Reference: Cloud albedo ''
Begin Template: cite web
k: url
Text: 'http://www.livescience.com/environment/060124_earth_albedo.html '
k: title
Text: 'Baffled Scientists Say Less Sunlight Reaching Earth '
k: publisher
Text: 'LiveScience '
k: date
Text: '2006-01-24 '
k: accessdate
Text: '2011-08-19'
End Template: cite web
Reference: contrail ''
Begin Template: cite web
k: url
Text: 'http://adsabs.harvard.edu/abs/1992JGR....9714565C '
k: title
Text: 'The Kuwait oil fires as seen by Landsat '
k: publisher
Text: 'Adsabs.harvard.edu '
k: date
Text: '1991-05-30 '
k: accessdate
Text: '2011-08-19'
End Template: cite web
Section [1] Aerosol effects
Reference: Aerosols ''
Reference: cloud condensation nuclei ''
Reference: cloud ''
Begin Template: cite web
k: url
Text: 'http://www.grida.no/climate/ipcc_tar/wg1/231.htm#671 '
k: title
Text: 'Climate Change 2001: The Scientific Basis '
k: publisher
Text: 'Grida.no '
k: date
k: accessdate
Text: '2011-08-19'
k: archiveurl
Text: 'http://web.archive.org/web/20110629175429/http://www.grida.no/climate/ipcc_tar/wg1/231.htm'
k: archivedate
Text: '29 June 2011<!--Added by DASHBot-->'
End Template: cite web
Reference: cloud condensation nuclei ''
Section [1] Black carbon
Reference: Intergovernmental Panel on Climate Change ''
Begin Template: cite web
k: url
Text: 'http://www.grida.no/climate/ipcc_tar/wg1/233.htm '
k: title
Text: 'Climate Change 2001: The Scientific Basis '
k: publisher
Text: 'Grida.no '
k: date
k: accessdate
Text: '2011-08-19'
k: archiveurl
Text: 'http://web.archive.org/web/20110629180154/http://www.grida.no/climate/ipcc_tar/wg1/233.htm'
k: archivedate
Text: '29 June 2011<!--Added by DASHBot-->'
End Template: cite web
Section [0] Other types of albedo
Reference: Single scattering albedo ''
Reference: refractive index ''
Section [0] See also
Begin Template: div col
k: colwidth
Text: '30em'
End Template: div col
Reference: Global dimming ''
Reference: Irradiance ''
Reference: Polar see-saw ''
Reference: Solar radiation management ''
Reference: Daisyworld ''
Begin Template: div col end
End Template: div col end
Section [0] References
Begin Template: Reflist
k: 30em
k: refs
Text: '<ref name="Goode">'
Begin Template: Cite journal 
k: last
Text: 'Goode '
k: first
Text: 'P. R. '
k: authorlink
k: coauthors
Text: '''et al.'' '
k: year
Text: '2001 '
k: month
k: title
Text: 'Earthshine Observations of the Earth’s Reflectance '
k: journal
Reference: Geophysical Research Letters ''
Text: ' '
k: volume
Text: '28 '
k: issue
Text: '9 '
k: pages
Text: '1671–1674 '
k: id
k: url
Text: 'http://www.agu.org/journals/ABS/2001/2000GL012580.shtml '
k: accessdate
k: quote
k: doi
Text: '10.1029/2000GL012580 '
k: bibcode 
Text: '2001GeoRL..28.1671G '
End Template: Cite journal 
Text: '</ref>

<ref name="NASA">'
Begin Template: cite web
k: url
Text: 'http://modis.gsfc.nasa.gov/data/atbd/atbd_mod09.pdf'
k: title
Text: 'MODIS BRDF/Albedo Product: Algorithm Theoretical Basis Document, Version 5.0'
k: accessdate
Text: '2009-06-02'
k: archiveurl
Text: 'http://web.archive.org/web/20090601063932/http://modis.gsfc.nasa.gov/data/atbd/atbd_mod09.pdf'
k: archivedate
Text: '01 June 2009<!--Added by DASHBot-->'
End Template: cite web
Text: '</ref>

<ref name="washington">'
Begin Template: cite web
k: url
Text: 'http://www.atmos.washington.edu/~sgw/PAPERS/2002_Snowball.pdf'
k: title
Text: 'Snowball Earth: Ice thickness on the tropical ocean'
k: accessdate
Text: '2009-09-20'
End Template: cite web
Text: '</ref>

<ref name="clim-past">'
Begin Template: cite web
k: url
Text: 'http://www.clim-past.net/2/31/2006/cp-2-31-2006.pdf'
k: title
Text: 'Effect of land albedo, CO2, orography, and oceanic heat transport on extreme climates'
k: accessdate
Text: '2009-09-20'
End Template: cite web
Text: '</ref>

<ref name="Smith Robin">'
Begin Template: cite web
k: url
Text: 'http://www.mpimet.mpg.de/fileadmin/staff/smithrobin/IC_JClim-final.pdf'
k: title
Text: 'Global climate and ocean circulation on an aquaplanet ocean-atmosphere general circulation model'
k: accessdate
Text: '2009-09-20'
k: archiveurl
Text: 'http://web.archive.org/web/20090920212836/http://www.mpimet.mpg.de/fileadmin/staff/smithrobin/IC_JClim-final.pdf'
k: archivedate
Text: '20 September 2009<!--Added by DASHBot-->'
End Template: cite web
Text: '</ref>
<ref name="medkeff">'
Begin Template: cite web

k: url         
Text: 'http://jeff.medkeff.com/astro/lunar/obs_tech/albedo.htm
'
k: title       
Text: 'Lunar Albedo
'
k: first       
Text: 'Jeff
'
k: last        
Text: 'Medkeff
'
k: authorlink  
Text: 'Jeffrey S. Medkeff
'
k: year        
Text: '2002
'
k: archiveurl  
Text: 'http://web.archive.org/web/20080523151225/http://jeff.medkeff.com/astro/lunar/obs_tech/albedo.htm
'
k: archivedate 
Text: '23 May 2008
'
k: accessdate  
Text: '5 July 2010
'
k: postscript  
End Template: cite web

Text: '
</ref>

<!-- <ref name="Dickinson">Dickinson, R. E., and P. J. Kennedy, 1992: ''Impacts on regional climate of Amazon deforestation''. Geophys. Res. Lett., '''19''', 1947–1950.</ref> -->

<!-- <ref name="mit">'
Link: http://web.mit.edu/12.000/www/m2006/final/characterization/abiotic_water.html 'http://web.mit.edu/12.000/www/m2006/final/characterization/abiotic_water.html'
Text: '  Project Amazonia: Characterization - Abiotic - Water</ref> -->

<ref name="mmutrees">'
Begin Template: cite web 
k: url
Text: 'http://www.ace.mmu.ac.uk/Resources/gcc/1-3-3.html '
k: title
Text: 'The Climate System '
k: publisher
Text: 'Manchester Metropolitan University '
k: accessdate
Text: '2007-11-11'
k: archiveurl
Text: 'http://web.archive.org/web/20071121192518/http://www.ace.mmu.ac.uk/resources/gcc/1-3-3.html'
k: archivedate
Text: '21 November 2007<!--Added by DASHBot-->'
End Template: cite web 
Text: '</ref>

<ref name="Betts">'
Begin Template: cite journal 
k: doi 
Text: '10.1038/35041545 '
k: year 
Text: '2000 '
k: last1 
Text: 'Betts '
k: first1 
Text: 'Richard A. '
k: journal 
Text: 'Nature '
k: volume 
Text: '408 '
k: issue 
Text: '6809 '
k: pages 
Text: '187–190 '
k: pmid 
Text: '11089969 '
k: title 
Text: 'Offset of the potential carbon sink from boreal forestation by decreases in surface albedo '
End Template: cite journal 
Text: '</ref>

<ref name="Fresnel">http://vih.freeshell.org/pp/01-ONW-St.Petersburg/Fresnel.pdf</ref>

<ref name="uww">http://facstaff.uww.edu/travisd/pdf/jetcontrailsrecentresearch.pdf</ref>

<ref name="DOMINICK">'
Begin Template: cite journal 
k: doi 
Text: '10.1098/rsta.2008.0201 '
k: title 
Text: 'Boreal forests, aerosols and the impacts on clouds and climate '
k: year 
Text: '2008 '
k: last1 
Text: 'Spracklen '
k: first1 
Text: 'D. V '
k: last2 
Text: 'Bonn '
k: first2 
Text: 'B. '
k: last3 
Text: 'Carslaw '
k: first3 
Text: 'K. S '
k: journal 
Text: 'Philosophical Transactions of the Royal Society A: Mathematical, Physical and Engineering Sciences '
k: volume 
Text: '366 '
k: issue 
Text: '1885 '
k: pages 
Text: '4613–4626 '
k: url
Text: 'http://homepages.see.leeds.ac.uk/~eardvs/papers/spracklen08c.pdf '
k: format 
Text: 'PDF'
k: bibcode 
Text: '2008RSPTA.366.4613S '
k: pmid
Text: '18826917'
End Template: cite journal 
Text: '</ref>

<ref name="BlueskyAlbedo">'
Begin Template: Cite journal 
k: last
Text: 'Roman '
k: first
Text: 'M. O. '
k: authorlink
k: coauthors
Text: 'C.B. Schaaf, P. Lewis, F. Gao, G.P. Anderson, J.L. Privette, A.H. Strahler, C.E. Woodcock, and M. Barnsley '
k: year
Text: '2010 '
k: month
k: title
Text: 'Assessing the Coupling between Surface Albedo derived from MODIS and the Fraction of Diffuse Skylight over Spatially-Characterized Landscapes '
k: journal
Text: 'Remote Sensing of Environment '
k: volume
Text: '114 '
k: pages
Text: '738–760 '
k: id
k: doi
Text: '10.1016/j.rse.2009.11.014 '
k: accessdate
k: quote
End Template: Cite journal 
Text: '</ref>

'
End Template: Reflist
Section [0] External links
Begin Template: wiktionary
End Template: wiktionary
Link: http://www.albedo-project.org/ 'Official Website of Albedo Project'
Link: http://www-c4.ucsd.edu/gap/ 'Global Albedo Project (Center for Clouds, Chemistry, and Climate)'
Link: http://www.eoearth.org/article/Albedo 'Albedo - Encyclopedia of Earth'
Link: http://www-modis.bu.edu/brdf/product.html 'NASA MODIS BRDF/albedo product site'
Link: http://www.eumetsat.int/Home/Main/Access_to_Data/Meteosat_Meteorological_Products/Product_List/SP_1125489019643?l=en 'Surface albedo derived from Meteosat observations'
Link: http://jeff.medkeff.com/astro/lunar/obs_tech/albedo.htm 'A discussion of Lunar albedos'
Begin Template: Global warming
End Template: Global warming
Reference: Category:Climate forcing ''
Reference: Category:Climatology ''
Reference: Category:Electromagnetic radiation ''
Reference: Category:Radiometry ''
Reference: Category:Scattering, absorption and radiative transfer (optics) ''
Reference: Category:Radiation ''
Reference: als:Albedo ''
Reference: ar:بياض ''
Reference: an:Albedo ''
Reference: ast:Albedu ''
Reference: bn:প্রতিফলন অনুপাত ''
Reference: bg:Албедо ''
Reference: bs:Albedo ''
Reference: ca:Albedo ''
Reference: cs:Albedo ''
Reference: cy:Albedo ''
Reference: da:Albedo ''
Reference: de:Albedo ''
Reference: et:Albeedo ''
Reference: el:Λευκαύγεια ''
Reference: es:Albedo ''
Reference: eo:Albedo ''
Reference: eu:Albedo ''
Reference: fa:سپیدایی ''
Reference: fr:Albédo ''
Reference: gl:Albedo ''
Reference: ko:반사율 ''
Reference: hy:Ալբեդո ''
Reference: hi:ऐल्बीडो ''
Reference: hr:Albedo ''
Reference: id:Albedo ''
Reference: it:Albedo ''
Reference: he:אלבדו ''
Reference: ka:ალბედო ''
Reference: kk:Альбедо ''
Reference: ht:Albedo ''
Reference: la:Albedo ''
Reference: lv:Albedo ''
Reference: lb:Albedo ''
Reference: lt:Albedas ''
Reference: hu:Albedó ''
Reference: mk:Албедо ''
Reference: nl:Albedo ''
Reference: ja:アルベド ''
Reference: no:Albedo ''
Reference: nn:Albedo ''
Reference: nds:Albedo ''
Reference: pl:Albedo ''
Reference: pt:Albedo ''
Reference: ro:Albedo ''
Reference: ru:Альбедо ''
Reference: sq:Albedoja ''
Reference: simple:Albedo ''
Reference: sk:Albedo ''
Reference: sl:Albedo ''
Reference: sr:Албедо ''
Reference: sh:Albedo ''
Reference: fi:Albedo ''
Reference: sv:Albedo ''
Reference: ta:வெண் எகிர்சிதறல் ''
Reference: tr:Yansıtabilirlik ''
Reference: uk:Альбедо ''
Reference: zh:反照率 ''
End Document
